// Jest Snapshot v1, https://goo.gl/fbAQLP

exports[`<Subscription /> <Subscription /> component matches the snapshot 1`] = `
ShallowWrapper {
  Symbol(enzyme.__root__): [Circular],
  Symbol(enzyme.__unrendered__): <Subscription
    subscriptions={Array []}
    uid="1234"
  />,
  Symbol(enzyme.__renderer__): Object {
    "batchedUpdates": [Function],
    "checkPropTypes": [Function],
    "getNode": [Function],
    "render": [Function],
    "simulateError": [Function],
    "simulateEvent": [Function],
    "unmount": [Function],
  },
  Symbol(enzyme.__node__): Object {
    "instance": null,
    "key": undefined,
    "nodeType": "host",
    "props": Object {
      "children": <button
        className="1_subsbtn"
        onClick={[Function]}
        title="Subscribe to 1234"
      >
        Subscribe
      </button>,
      "className": "bao-subscription",
    },
    "ref": null,
    "rendered": Object {
      "instance": null,
      "key": undefined,
      "nodeType": "host",
      "props": Object {
        "children": "Subscribe",
        "className": "1_subsbtn",
        "onClick": [Function],
        "title": "Subscribe to 1234",
      },
      "ref": null,
      "rendered": "Subscribe",
      "type": "button",
    },
    "type": "div",
  },
  Symbol(enzyme.__nodes__): Array [
    Object {
      "instance": null,
      "key": undefined,
      "nodeType": "host",
      "props": Object {
        "children": <button
          className="1_subsbtn"
          onClick={[Function]}
          title="Subscribe to 1234"
        >
          Subscribe
        </button>,
        "className": "bao-subscription",
      },
      "ref": null,
      "rendered": Object {
        "instance": null,
        "key": undefined,
        "nodeType": "host",
        "props": Object {
          "children": "Subscribe",
          "className": "1_subsbtn",
          "onClick": [Function],
          "title": "Subscribe to 1234",
        },
        "ref": null,
        "rendered": "Subscribe",
        "type": "button",
      },
      "type": "div",
    },
  ],
  Symbol(enzyme.__options__): Object {
    "adapter": ReactSixteenAdapter {
      "options": Object {
        "enableComponentDidUpdateOnSetState": true,
        "legacyContextMode": "parent",
        "lifecycles": Object {
          "componentDidUpdate": Object {
            "onSetState": true,
          },
          "getChildContext": Object {
            "calledByRenderer": false,
          },
          "getDerivedStateFromProps": Object {
            "hasShouldComponentUpdateBug": false,
          },
          "getSnapshotBeforeUpdate": true,
          "setState": Object {
            "skipsComponentDidUpdateOnNullish": true,
          },
        },
      },
    },
  },
}
`;
